QAflisp - FLISP Absolute crossassembler, Version 1.0
(c) GMV 1989-2015


File: bintTo7seg,sflisp.lst
                        1. ;
                        2. ;	Moment16.sflisp
                        3. ;	4 byte to 7 segment
                        4. 
FB                      5. INPORT: 	EQU 	$FB
FC                      6. OUTPORT:	EQU	$FC
79                      7. ERROR:		EQU 	$79	
                        8. 
                        9. 
20                     10. 		ORG	$20
20 F1 FB               11. READINPUT:	LDA 	INPORT
22 90 70               12. 		LDX	#SEGMENTKODER
24 97 0A               13. 		CMPA	#$0A   ;Check if larger than 9
26 28 04               14. 		BCS	GETSEGMENT	;Branch to getSegment if carry set A-9 
28 F1 7A               15. 		LDA	E
2A 21 01               16. 		BRA	DISPLAYOUTPUT
                       17. 
2C F4                  18. GETSEGMENT:	LDA	A,X
                       19. 
2D E1 FC               20. DISPLAYOUTPUT:	STA	OUTPORT
2F 33 20               21. 		JMP	READINPUT
                       22. 
                       23. 
                       24. 
70                     25. 		ORG 	$70
70 3F 06 5B 4F 66      26. SEGMENTKODER:	FCB 	$3F,$06,$5B,$4F,$66
75 6D 7D 07 7F 6F      27. 		FCB 	$6D,$7D,$07,$7F,$6F
7A 79                  28. E:		FCB	ERROR
                       29. 
