QAflisp - FLISP Absolute crossassembler, Version 1.0
(c) GMV 1989-2015


File: sepper.lst
FC                      1. STEPPER:	EQU	$FC
FB                      2. DELAY:		EQU 	$FB
10                      3. stateIndex:	EQU	$10
                        4. 
                        5. 
20                      6. 		ORG	$20
20 F0 00                7. init.		LDA	#$00
22 E1 10                8. 		STA	stateIndex	
24 90 49                9. 		LDX	#STATES	
26 92 A0               10. 		LDSP	#$A0	
                       11. 
28 34 3F               12. main:		JSR	delay
2A F1 10               13. 		LDA 	stateIndex
2C F4                  14. 		LDA	A,X
2D E1 FC               15. 		STA	STEPPER
2F 34 33               16. 		JSR	nextState
31 33 28               17. 		JMP	main
                       18. 
33 10                  19. nextState:	PSHA
34 11                  20. 		PSHX
35 F1 10               21. 		LDA 	stateIndex
37 07                  22. 		INCA
38 99 03               23. 		ANDA	#$03		 
3A E1 10               24. 		STA 	stateIndex
3C 15                  25. 		PULX
3D 14                  26. 		PULA
3E 43                  27. 		RTS
                       28. 
3F 10                  29. delay:		PSHA
40 11                  30. 		PSHX
41 F1 FB               31. 		LDA	DELAY
43 08                  32. delay_1:	DECA
44 25 FD               33. 		BNE	delay_1
46 15                  34. 		PULX
47 14                  35. 		PULA
48 43                  36. 		RTS
                       37. 
49 80 40 10 20         38. STATES:		FCB	$80,$40,$10,$20